2026-05-18 10:32:15,991 - Fehler aufgetreten: division by zero
